Archive member included because of file (symbol)

c:/program files (x86)/atmel/atmel toolchain/avr8 gcc/native/3.4.1061/avr8-gnu-toolchain/bin/../lib/gcc/avr/4.8.1/avr5\libgcc.a(_exit.o)
                              c:/program files (x86)/atmel/atmel toolchain/avr8 gcc/native/3.4.1061/avr8-gnu-toolchain/bin/../lib/gcc/avr/4.8.1/../../../../avr/lib/avr5/crtm328p.o (exit)
c:/program files (x86)/atmel/atmel toolchain/avr8 gcc/native/3.4.1061/avr8-gnu-toolchain/bin/../lib/gcc/avr/4.8.1/avr5\libgcc.a(_tablejump.o)
                              Rx.o (__tablejump2__)
c:/program files (x86)/atmel/atmel toolchain/avr8 gcc/native/3.4.1061/avr8-gnu-toolchain/bin/../lib/gcc/avr/4.8.1/avr5\libgcc.a(_clear_bss.o)
                              Rx.o (__do_clear_bss)
c:/program files (x86)/atmel/atmel toolchain/avr8 gcc/native/3.4.1061/avr8-gnu-toolchain/bin/../lib/gcc/avr/4.8.1/avr5\libgcc.a(_umulhisi3.o)
                              Rx.o (__umulhisi3)

Allocating common symbols
Common symbol       size              file

pwm_speed           0x1               Rx.o
servo_array         0x1               Rx.o
timer1_top_value    0x2               Rx.o
servo_middle_position
                    0x2               Rx.o
z                   0x4               Rx.o
inbound_processing  0x1               Rx.o
servo_turn          0x2               Rx.o
timer0_top_value    0x1               Rx.o
LED                 0x4               Rx.o
init_variables_state
                    0x2               Rx.o

Discarded input sections

 .data          0x00000000        0x0 c:/program files (x86)/atmel/atmel toolchain/avr8 gcc/native/3.4.1061/avr8-gnu-toolchain/bin/../lib/gcc/avr/4.8.1/../../../../avr/lib/avr5/crtm328p.o
 .bss           0x00000000        0x0 c:/program files (x86)/atmel/atmel toolchain/avr8 gcc/native/3.4.1061/avr8-gnu-toolchain/bin/../lib/gcc/avr/4.8.1/../../../../avr/lib/avr5/crtm328p.o
 .group         0x00000000        0x8 FSM_EEPROM.o
 .group         0x00000000        0x8 FSM_EEPROM.o
 .group         0x00000000        0x8 FSM_EEPROM.o
 .group         0x00000000        0x8 FSM_EEPROM.o
 .group         0x00000000        0x8 FSM_EEPROM.o
 .group         0x00000000        0x8 FSM_EEPROM.o
 .group         0x00000000        0x8 FSM_EEPROM.o
 .group         0x00000000        0x8 FSM_EEPROM.o
 .group         0x00000000        0x8 FSM_EEPROM.o
 .group         0x00000000        0x8 FSM_EEPROM.o
 .group         0x00000000        0x8 FSM_EEPROM.o
 .group         0x00000000        0x8 FSM_EEPROM.o
 .group         0x00000000        0x8 FSM_EEPROM.o
 .group         0x00000000        0x8 FSM_EEPROM.o
 .group         0x00000000        0x8 FSM_EEPROM.o
 .text          0x00000000        0x0 FSM_EEPROM.o
 .data          0x00000000        0x0 FSM_EEPROM.o
 .bss           0x00000000        0x0 FSM_EEPROM.o
 .text.FSM_EEPROM_init
                0x00000000        0x2 FSM_EEPROM.o
 .text.FSM_EEPROM
                0x00000000        0x2 FSM_EEPROM.o
 .text.FSM_EEPROM_r
                0x00000000        0x2 FSM_EEPROM.o
 .text.FSM_EEPROM_w
                0x00000000        0x2 FSM_EEPROM.o
 .debug_info    0x00000000       0xd3 FSM_EEPROM.o
 .debug_abbrev  0x00000000       0x61 FSM_EEPROM.o
 .debug_aranges
                0x00000000       0x38 FSM_EEPROM.o
 .debug_ranges  0x00000000       0x28 FSM_EEPROM.o
 .debug_macro   0x00000000       0xb2 FSM_EEPROM.o
 .debug_macro   0x00000000      0xa30 FSM_EEPROM.o
 .debug_macro   0x00000000       0x10 FSM_EEPROM.o
 .debug_macro   0x00000000      0x1ad FSM_EEPROM.o
 .debug_macro   0x00000000      0x293 FSM_EEPROM.o
 .debug_macro   0x00000000       0x9e FSM_EEPROM.o
 .debug_macro   0x00000000     0x13ae FSM_EEPROM.o
 .debug_macro   0x00000000      0x13a FSM_EEPROM.o
 .debug_macro   0x00000000       0xbd FSM_EEPROM.o
 .debug_macro   0x00000000       0x34 FSM_EEPROM.o
 .debug_macro   0x00000000       0x18 FSM_EEPROM.o
 .debug_macro   0x00000000       0x6c FSM_EEPROM.o
 .debug_macro   0x00000000       0x69 FSM_EEPROM.o
 .debug_macro   0x00000000       0x88 FSM_EEPROM.o
 .debug_macro   0x00000000      0x166 FSM_EEPROM.o
 .debug_macro   0x00000000       0x3c FSM_EEPROM.o
 .debug_line    0x00000000      0x281 FSM_EEPROM.o
 .debug_str     0x00000000     0x710b FSM_EEPROM.o
 .comment       0x00000000       0x31 FSM_EEPROM.o
 .debug_frame   0x00000000       0x54 FSM_EEPROM.o
 .group         0x00000000        0x8 Rx.o
 .group         0x00000000        0x8 Rx.o
 .group         0x00000000        0x8 Rx.o
 .group         0x00000000        0x8 Rx.o
 .group         0x00000000        0x8 Rx.o
 .group         0x00000000        0x8 Rx.o
 .group         0x00000000        0x8 Rx.o
 .group         0x00000000        0x8 Rx.o
 .group         0x00000000        0x8 Rx.o
 .group         0x00000000        0x8 Rx.o
 .group         0x00000000        0x8 Rx.o
 .group         0x00000000        0x8 Rx.o
 .group         0x00000000        0x8 Rx.o
 .group         0x00000000        0x8 Rx.o
 .group         0x00000000        0x8 Rx.o
 .group         0x00000000        0x8 Rx.o
 .group         0x00000000        0x8 Rx.o
 .group         0x00000000        0x8 Rx.o
 .group         0x00000000        0x8 Rx.o
 .text          0x00000000        0x0 Rx.o
 .data          0x00000000        0x0 Rx.o
 .bss           0x00000000        0x0 Rx.o
 .text.PWM_speed_math
                0x00000000       0x10 Rx.o
 .text.init_pwm_2
                0x00000000       0x26 Rx.o
 .debug_macro   0x00000000      0xa30 Rx.o
 .debug_macro   0x00000000       0x10 Rx.o
 .debug_macro   0x00000000      0x1ad Rx.o
 .debug_macro   0x00000000      0x293 Rx.o
 .debug_macro   0x00000000       0x9e Rx.o
 .debug_macro   0x00000000     0x13ae Rx.o
 .debug_macro   0x00000000      0x13a Rx.o
 .debug_macro   0x00000000       0xbd Rx.o
 .debug_macro   0x00000000       0x34 Rx.o
 .debug_macro   0x00000000       0x18 Rx.o
 .debug_macro   0x00000000       0x6c Rx.o
 .debug_macro   0x00000000       0x69 Rx.o
 .debug_macro   0x00000000       0x88 Rx.o
 .debug_macro   0x00000000      0x166 Rx.o
 .debug_macro   0x00000000       0x3c Rx.o
 .group         0x00000000        0x8 uart_function.o
 .group         0x00000000        0x8 uart_function.o
 .group         0x00000000        0x8 uart_function.o
 .group         0x00000000        0x8 uart_function.o
 .group         0x00000000        0x8 uart_function.o
 .group         0x00000000        0x8 uart_function.o
 .group         0x00000000        0x8 uart_function.o
 .group         0x00000000        0x8 uart_function.o
 .group         0x00000000        0x8 uart_function.o
 .group         0x00000000        0x8 uart_function.o
 .group         0x00000000        0x8 uart_function.o
 .group         0x00000000        0x8 uart_function.o
 .group         0x00000000        0x8 uart_function.o
 .group         0x00000000        0x8 uart_function.o
 .group         0x00000000        0x8 uart_function.o
 .group         0x00000000        0x8 uart_function.o
 .group         0x00000000        0x8 uart_function.o
 .group         0x00000000        0x8 uart_function.o
 .group         0x00000000        0x8 uart_function.o
 .text          0x00000000        0x0 uart_function.o
 .data          0x00000000        0x0 uart_function.o
 .bss           0x00000000        0x0 uart_function.o
 .text.USART_Transmit
                0x00000000       0x10 uart_function.o
 .text.USART_Receive
                0x00000000       0x10 uart_function.o
 .debug_macro   0x00000000      0xa30 uart_function.o
 .debug_macro   0x00000000       0x10 uart_function.o
 .debug_macro   0x00000000      0x1ad uart_function.o
 .debug_macro   0x00000000      0x293 uart_function.o
 .debug_macro   0x00000000       0x9e uart_function.o
 .debug_macro   0x00000000     0x13ae uart_function.o
 .debug_macro   0x00000000      0x13a uart_function.o
 .debug_macro   0x00000000       0xbd uart_function.o
 .debug_macro   0x00000000       0x34 uart_function.o
 .debug_macro   0x00000000       0x18 uart_function.o
 .debug_macro   0x00000000       0x6c uart_function.o
 .debug_macro   0x00000000       0x69 uart_function.o
 .debug_macro   0x00000000       0x22 uart_function.o
 .debug_macro   0x00000000       0x10 uart_function.o
 .debug_macro   0x00000000      0x16d uart_function.o
 .debug_macro   0x00000000       0x88 uart_function.o
 .debug_macro   0x00000000      0x166 uart_function.o
 .debug_macro   0x00000000       0x3c uart_function.o
 .debug_macro   0x00000000       0x5e uart_function.o
 .text          0x00000000        0x0 c:/program files (x86)/atmel/atmel toolchain/avr8 gcc/native/3.4.1061/avr8-gnu-toolchain/bin/../lib/gcc/avr/4.8.1/avr5\libgcc.a(_exit.o)
 .data          0x00000000        0x0 c:/program files (x86)/atmel/atmel toolchain/avr8 gcc/native/3.4.1061/avr8-gnu-toolchain/bin/../lib/gcc/avr/4.8.1/avr5\libgcc.a(_exit.o)
 .bss           0x00000000        0x0 c:/program files (x86)/atmel/atmel toolchain/avr8 gcc/native/3.4.1061/avr8-gnu-toolchain/bin/../lib/gcc/avr/4.8.1/avr5\libgcc.a(_exit.o)
 .text.libgcc.mul
                0x00000000        0x0 c:/program files (x86)/atmel/atmel toolchain/avr8 gcc/native/3.4.1061/avr8-gnu-toolchain/bin/../lib/gcc/avr/4.8.1/avr5\libgcc.a(_exit.o)
 .text.libgcc.div
                0x00000000        0x0 c:/program files (x86)/atmel/atmel toolchain/avr8 gcc/native/3.4.1061/avr8-gnu-toolchain/bin/../lib/gcc/avr/4.8.1/avr5\libgcc.a(_exit.o)
 .text.libgcc   0x00000000        0x0 c:/program files (x86)/atmel/atmel toolchain/avr8 gcc/native/3.4.1061/avr8-gnu-toolchain/bin/../lib/gcc/avr/4.8.1/avr5\libgcc.a(_exit.o)
 .text.libgcc.prologue
                0x00000000        0x0 c:/program files (x86)/atmel/atmel toolchain/avr8 gcc/native/3.4.1061/avr8-gnu-toolchain/bin/../lib/gcc/avr/4.8.1/avr5\libgcc.a(_exit.o)
 .text.libgcc.builtins
                0x00000000        0x0 c:/program files (x86)/atmel/atmel toolchain/avr8 gcc/native/3.4.1061/avr8-gnu-toolchain/bin/../lib/gcc/avr/4.8.1/avr5\libgcc.a(_exit.o)
 .text.libgcc.fmul
                0x00000000        0x0 c:/program files (x86)/atmel/atmel toolchain/avr8 gcc/native/3.4.1061/avr8-gnu-toolchain/bin/../lib/gcc/avr/4.8.1/avr5\libgcc.a(_exit.o)
 .text.libgcc.fixed
                0x00000000        0x0 c:/program files (x86)/atmel/atmel toolchain/avr8 gcc/native/3.4.1061/avr8-gnu-toolchain/bin/../lib/gcc/avr/4.8.1/avr5\libgcc.a(_exit.o)
 .text          0x00000000        0x0 c:/program files (x86)/atmel/atmel toolchain/avr8 gcc/native/3.4.1061/avr8-gnu-toolchain/bin/../lib/gcc/avr/4.8.1/avr5\libgcc.a(_tablejump.o)
 .data          0x00000000        0x0 c:/program files (x86)/atmel/atmel toolchain/avr8 gcc/native/3.4.1061/avr8-gnu-toolchain/bin/../lib/gcc/avr/4.8.1/avr5\libgcc.a(_tablejump.o)
 .bss           0x00000000        0x0 c:/program files (x86)/atmel/atmel toolchain/avr8 gcc/native/3.4.1061/avr8-gnu-toolchain/bin/../lib/gcc/avr/4.8.1/avr5\libgcc.a(_tablejump.o)
 .text.libgcc.mul
                0x00000000        0x0 c:/program files (x86)/atmel/atmel toolchain/avr8 gcc/native/3.4.1061/avr8-gnu-toolchain/bin/../lib/gcc/avr/4.8.1/avr5\libgcc.a(_tablejump.o)
 .text.libgcc.div
                0x00000000        0x0 c:/program files (x86)/atmel/atmel toolchain/avr8 gcc/native/3.4.1061/avr8-gnu-toolchain/bin/../lib/gcc/avr/4.8.1/avr5\libgcc.a(_tablejump.o)
 .text.libgcc.prologue
                0x00000000        0x0 c:/program files (x86)/atmel/atmel toolchain/avr8 gcc/native/3.4.1061/avr8-gnu-toolchain/bin/../lib/gcc/avr/4.8.1/avr5\libgcc.a(_tablejump.o)
 .text.libgcc.builtins
                0x00000000        0x0 c:/program files (x86)/atmel/atmel toolchain/avr8 gcc/native/3.4.1061/avr8-gnu-toolchain/bin/../lib/gcc/avr/4.8.1/avr5\libgcc.a(_tablejump.o)
 .text.libgcc.fmul
                0x00000000        0x0 c:/program files (x86)/atmel/atmel toolchain/avr8 gcc/native/3.4.1061/avr8-gnu-toolchain/bin/../lib/gcc/avr/4.8.1/avr5\libgcc.a(_tablejump.o)
 .text.libgcc.fixed
                0x00000000        0x0 c:/program files (x86)/atmel/atmel toolchain/avr8 gcc/native/3.4.1061/avr8-gnu-toolchain/bin/../lib/gcc/avr/4.8.1/avr5\libgcc.a(_tablejump.o)
 .text          0x00000000        0x0 c:/program files (x86)/atmel/atmel toolchain/avr8 gcc/native/3.4.1061/avr8-gnu-toolchain/bin/../lib/gcc/avr/4.8.1/avr5\libgcc.a(_clear_bss.o)
 .data          0x00000000        0x0 c:/program files (x86)/atmel/atmel toolchain/avr8 gcc/native/3.4.1061/avr8-gnu-toolchain/bin/../lib/gcc/avr/4.8.1/avr5\libgcc.a(_clear_bss.o)
 .bss           0x00000000        0x0 c:/program files (x86)/atmel/atmel toolchain/avr8 gcc/native/3.4.1061/avr8-gnu-toolchain/bin/../lib/gcc/avr/4.8.1/avr5\libgcc.a(_clear_bss.o)
 .text.libgcc.mul
                0x00000000        0x0 c:/program files (x86)/atmel/atmel toolchain/avr8 gcc/native/3.4.1061/avr8-gnu-toolchain/bin/../lib/gcc/avr/4.8.1/avr5\libgcc.a(_clear_bss.o)
 .text.libgcc.div
                0x00000000        0x0 c:/program files (x86)/atmel/atmel toolchain/avr8 gcc/native/3.4.1061/avr8-gnu-toolchain/bin/../lib/gcc/avr/4.8.1/avr5\libgcc.a(_clear_bss.o)
 .text.libgcc   0x00000000        0x0 c:/program files (x86)/atmel/atmel toolchain/avr8 gcc/native/3.4.1061/avr8-gnu-toolchain/bin/../lib/gcc/avr/4.8.1/avr5\libgcc.a(_clear_bss.o)
 .text.libgcc.prologue
                0x00000000        0x0 c:/program files (x86)/atmel/atmel toolchain/avr8 gcc/native/3.4.1061/avr8-gnu-toolchain/bin/../lib/gcc/avr/4.8.1/avr5\libgcc.a(_clear_bss.o)
 .text.libgcc.builtins
                0x00000000        0x0 c:/program files (x86)/atmel/atmel toolchain/avr8 gcc/native/3.4.1061/avr8-gnu-toolchain/bin/../lib/gcc/avr/4.8.1/avr5\libgcc.a(_clear_bss.o)
 .text.libgcc.fmul
                0x00000000        0x0 c:/program files (x86)/atmel/atmel toolchain/avr8 gcc/native/3.4.1061/avr8-gnu-toolchain/bin/../lib/gcc/avr/4.8.1/avr5\libgcc.a(_clear_bss.o)
 .text.libgcc.fixed
                0x00000000        0x0 c:/program files (x86)/atmel/atmel toolchain/avr8 gcc/native/3.4.1061/avr8-gnu-toolchain/bin/../lib/gcc/avr/4.8.1/avr5\libgcc.a(_clear_bss.o)
 .text          0x00000000        0x0 c:/program files (x86)/atmel/atmel toolchain/avr8 gcc/native/3.4.1061/avr8-gnu-toolchain/bin/../lib/gcc/avr/4.8.1/avr5\libgcc.a(_umulhisi3.o)
 .data          0x00000000        0x0 c:/program files (x86)/atmel/atmel toolchain/avr8 gcc/native/3.4.1061/avr8-gnu-toolchain/bin/../lib/gcc/avr/4.8.1/avr5\libgcc.a(_umulhisi3.o)
 .bss           0x00000000        0x0 c:/program files (x86)/atmel/atmel toolchain/avr8 gcc/native/3.4.1061/avr8-gnu-toolchain/bin/../lib/gcc/avr/4.8.1/avr5\libgcc.a(_umulhisi3.o)
 .text.libgcc.div
                0x00000000        0x0 c:/program files (x86)/atmel/atmel toolchain/avr8 gcc/native/3.4.1061/avr8-gnu-toolchain/bin/../lib/gcc/avr/4.8.1/avr5\libgcc.a(_umulhisi3.o)
 .text.libgcc   0x00000000        0x0 c:/program files (x86)/atmel/atmel toolchain/avr8 gcc/native/3.4.1061/avr8-gnu-toolchain/bin/../lib/gcc/avr/4.8.1/avr5\libgcc.a(_umulhisi3.o)
 .text.libgcc.prologue
                0x00000000        0x0 c:/program files (x86)/atmel/atmel toolchain/avr8 gcc/native/3.4.1061/avr8-gnu-toolchain/bin/../lib/gcc/avr/4.8.1/avr5\libgcc.a(_umulhisi3.o)
 .text.libgcc.builtins
                0x00000000        0x0 c:/program files (x86)/atmel/atmel toolchain/avr8 gcc/native/3.4.1061/avr8-gnu-toolchain/bin/../lib/gcc/avr/4.8.1/avr5\libgcc.a(_umulhisi3.o)
 .text.libgcc.fmul
                0x00000000        0x0 c:/program files (x86)/atmel/atmel toolchain/avr8 gcc/native/3.4.1061/avr8-gnu-toolchain/bin/../lib/gcc/avr/4.8.1/avr5\libgcc.a(_umulhisi3.o)
 .text.libgcc.fixed
                0x00000000        0x0 c:/program files (x86)/atmel/atmel toolchain/avr8 gcc/native/3.4.1061/avr8-gnu-toolchain/bin/../lib/gcc/avr/4.8.1/avr5\libgcc.a(_umulhisi3.o)

Memory Configuration

Name             Origin             Length             Attributes
text             0x00000000         0x00020000         xr
data             0x00800060         0x0000ffa0         rw !x
eeprom           0x00810000         0x00010000         rw !x
fuse             0x00820000         0x00000400         rw !x
lock             0x00830000         0x00000400         rw !x
signature        0x00840000         0x00000400         rw !x
user_signatures  0x00850000         0x00000400         rw !x
*default*        0x00000000         0xffffffff

Linker script and memory map

Address of section .data set to 0x800100
LOAD c:/program files (x86)/atmel/atmel toolchain/avr8 gcc/native/3.4.1061/avr8-gnu-toolchain/bin/../lib/gcc/avr/4.8.1/../../../../avr/lib/avr5/crtm328p.o
LOAD FSM_EEPROM.o
LOAD Rx.o
LOAD uart_function.o
START GROUP
LOAD c:/program files (x86)/atmel/atmel toolchain/avr8 gcc/native/3.4.1061/avr8-gnu-toolchain/bin/../lib/gcc/avr/4.8.1/../../../../avr/lib/avr5\libm.a
END GROUP
START GROUP
LOAD c:/program files (x86)/atmel/atmel toolchain/avr8 gcc/native/3.4.1061/avr8-gnu-toolchain/bin/../lib/gcc/avr/4.8.1/avr5\libgcc.a
LOAD c:/program files (x86)/atmel/atmel toolchain/avr8 gcc/native/3.4.1061/avr8-gnu-toolchain/bin/../lib/gcc/avr/4.8.1/../../../../avr/lib/avr5\libm.a
LOAD c:/program files (x86)/atmel/atmel toolchain/avr8 gcc/native/3.4.1061/avr8-gnu-toolchain/bin/../lib/gcc/avr/4.8.1/../../../../avr/lib/avr5\libc.a
END GROUP

.hash
 *(.hash)

.dynsym
 *(.dynsym)

.dynstr
 *(.dynstr)

.gnu.version
 *(.gnu.version)

.gnu.version_d
 *(.gnu.version_d)

.gnu.version_r
 *(.gnu.version_r)

.rel.init
 *(.rel.init)

.rela.init
 *(.rela.init)

.rel.text
 *(.rel.text)
 *(.rel.text.*)
 *(.rel.gnu.linkonce.t*)

.rela.text
 *(.rela.text)
 *(.rela.text.*)
 *(.rela.gnu.linkonce.t*)

.rel.fini
 *(.rel.fini)

.rela.fini
 *(.rela.fini)

.rel.rodata
 *(.rel.rodata)
 *(.rel.rodata.*)
 *(.rel.gnu.linkonce.r*)

.rela.rodata
 *(.rela.rodata)
 *(.rela.rodata.*)
 *(.rela.gnu.linkonce.r*)

.rel.data
 *(.rel.data)
 *(.rel.data.*)
 *(.rel.gnu.linkonce.d*)

.rela.data
 *(.rela.data)
 *(.rela.data.*)
 *(.rela.gnu.linkonce.d*)

.rel.ctors
 *(.rel.ctors)

.rela.ctors
 *(.rela.ctors)

.rel.dtors
 *(.rel.dtors)

.rela.dtors
 *(.rela.dtors)

.rel.got
 *(.rel.got)

.rela.got
 *(.rela.got)

.rel.bss
 *(.rel.bss)

.rela.bss
 *(.rela.bss)

.rel.plt
 *(.rel.plt)

.rela.plt
 *(.rela.plt)

.text           0x00000000      0x52a
 *(.vectors)
 .vectors       0x00000000       0x68 c:/program files (x86)/atmel/atmel toolchain/avr8 gcc/native/3.4.1061/avr8-gnu-toolchain/bin/../lib/gcc/avr/4.8.1/../../../../avr/lib/avr5/crtm328p.o
                0x00000000                __vector_default
                0x00000000                __vectors
 *(.vectors)
 *(.progmem.gcc*)
 .progmem.gcc_sw_table.processing
                0x00000068        0xe Rx.o
                0x00000076                . = ALIGN (0x2)
                0x00000076                __trampolines_start = .
 *(.trampolines)
 .trampolines   0x00000076        0x0 linker stubs
 *(.trampolines*)
                0x00000076                __trampolines_end = .
 *(.progmem*)
                0x00000076                . = ALIGN (0x2)
 *(.jumptables)
 *(.jumptables*)
 *(.lowtext)
 *(.lowtext*)
                0x00000076                __ctors_start = .
 *(.ctors)
                0x00000076                __ctors_end = .
                0x00000076                __dtors_start = .
 *(.dtors)
                0x00000076                __dtors_end = .
 SORT(*)(.ctors)
 SORT(*)(.dtors)
 *(.init0)
 .init0         0x00000076        0x0 c:/program files (x86)/atmel/atmel toolchain/avr8 gcc/native/3.4.1061/avr8-gnu-toolchain/bin/../lib/gcc/avr/4.8.1/../../../../avr/lib/avr5/crtm328p.o
                0x00000076                __init
 *(.init0)
 *(.init1)
 *(.init1)
 *(.init2)
 .init2         0x00000076        0xc c:/program files (x86)/atmel/atmel toolchain/avr8 gcc/native/3.4.1061/avr8-gnu-toolchain/bin/../lib/gcc/avr/4.8.1/../../../../avr/lib/avr5/crtm328p.o
 *(.init2)
 *(.init3)
 *(.init3)
 *(.init4)
 .init4         0x00000082       0x10 c:/program files (x86)/atmel/atmel toolchain/avr8 gcc/native/3.4.1061/avr8-gnu-toolchain/bin/../lib/gcc/avr/4.8.1/avr5\libgcc.a(_clear_bss.o)
                0x00000082                __do_clear_bss
 *(.init4)
 *(.init5)
 *(.init5)
 *(.init6)
 *(.init6)
 *(.init7)
 *(.init7)
 *(.init8)
 *(.init8)
 *(.init9)
 .init9         0x00000092        0x4 c:/program files (x86)/atmel/atmel toolchain/avr8 gcc/native/3.4.1061/avr8-gnu-toolchain/bin/../lib/gcc/avr/4.8.1/../../../../avr/lib/avr5/crtm328p.o
 *(.init9)
 *(.text)
 .text          0x00000096        0x2 c:/program files (x86)/atmel/atmel toolchain/avr8 gcc/native/3.4.1061/avr8-gnu-toolchain/bin/../lib/gcc/avr/4.8.1/../../../../avr/lib/avr5/crtm328p.o
                0x00000096                __vector_22
                0x00000096                __vector_1
                0x00000096                __vector_24
                0x00000096                __vector_12
                0x00000096                __bad_interrupt
                0x00000096                __vector_6
                0x00000096                __vector_3
                0x00000096                __vector_23
                0x00000096                __vector_25
                0x00000096                __vector_11
                0x00000096                __vector_17
                0x00000096                __vector_19
                0x00000096                __vector_7
                0x00000096                __vector_5
                0x00000096                __vector_4
                0x00000096                __vector_9
                0x00000096                __vector_2
                0x00000096                __vector_21
                0x00000096                __vector_15
                0x00000096                __vector_8
                0x00000096                __vector_14
                0x00000096                __vector_10
                0x00000096                __vector_16
                0x00000096                __vector_20
                0x00000098                . = ALIGN (0x2)
 *(.text.*)
 .text.init_variables_main
                0x00000098       0x5e Rx.o
                0x00000098                init_variables_main
 .text.init_variables
                0x000000f6       0x9c Rx.o
                0x000000f6                init_variables
 .text.servo_angle
                0x00000192       0x5a Rx.o
                0x00000192                servo_angle
 .text.processing
                0x000001ec      0x1e4 Rx.o
                0x000001ec                processing
 .text.LEDs_manipulations
                0x000003d0       0x52 Rx.o
                0x000003d0                LEDs_manipulations
 .text.init_pwm_1
                0x00000422       0x2e Rx.o
                0x00000422                init_pwm_1
 .text.init_pwm_0
                0x00000450        0xe Rx.o
                0x00000450                init_pwm_0
 .text.__vector_18
                0x0000045e       0x4a Rx.o
                0x0000045e                __vector_18
 .text.__vector_13
                0x000004a8       0x14 Rx.o
                0x000004a8                __vector_13
 .text.init_I_O
                0x000004bc        0xe Rx.o
                0x000004bc                init_I_O
 .text.main     0x000004ca       0x16 Rx.o
                0x000004ca                main
 .text.USART_Init
                0x000004e0       0x1c uart_function.o
                0x000004e0                USART_Init
 .text.libgcc   0x000004fc        0xc c:/program files (x86)/atmel/atmel toolchain/avr8 gcc/native/3.4.1061/avr8-gnu-toolchain/bin/../lib/gcc/avr/4.8.1/avr5\libgcc.a(_tablejump.o)
                0x000004fc                __tablejump2__
                0x00000500                __tablejump__
 .text.libgcc.mul
                0x00000508       0x1e c:/program files (x86)/atmel/atmel toolchain/avr8 gcc/native/3.4.1061/avr8-gnu-toolchain/bin/../lib/gcc/avr/4.8.1/avr5\libgcc.a(_umulhisi3.o)
                0x00000508                __umulhisi3
                0x00000526                . = ALIGN (0x2)
 *(.fini9)
 .fini9         0x00000526        0x0 c:/program files (x86)/atmel/atmel toolchain/avr8 gcc/native/3.4.1061/avr8-gnu-toolchain/bin/../lib/gcc/avr/4.8.1/avr5\libgcc.a(_exit.o)
                0x00000526                _exit
                0x00000526                exit
 *(.fini9)
 *(.fini8)
 *(.fini8)
 *(.fini7)
 *(.fini7)
 *(.fini6)
 *(.fini6)
 *(.fini5)
 *(.fini5)
 *(.fini4)
 *(.fini4)
 *(.fini3)
 *(.fini3)
 *(.fini2)
 *(.fini2)
 *(.fini1)
 *(.fini1)
 *(.fini0)
 .fini0         0x00000526        0x4 c:/program files (x86)/atmel/atmel toolchain/avr8 gcc/native/3.4.1061/avr8-gnu-toolchain/bin/../lib/gcc/avr/4.8.1/avr5\libgcc.a(_exit.o)
 *(.fini0)
                0x0000052a                _etext = .

.data           0x00800100        0x0 load address 0x0000052a
                0x00800100                PROVIDE (__data_start, .)
 *(.data)
 *(.data*)
 *(.rodata)
 *(.rodata*)
 *(.gnu.linkonce.d*)
                0x00800100                . = ALIGN (0x2)
                0x00800100                _edata = .
                0x00800100                PROVIDE (__data_end, .)

.bss            0x00800100       0x14
                0x00800100                PROVIDE (__bss_start, .)
 *(.bss)
 *(.bss*)
 *(COMMON)
 COMMON         0x00800100       0x14 Rx.o
                0x00800100                pwm_speed
                0x00800101                servo_array
                0x00800102                timer1_top_value
                0x00800104                servo_middle_position
                0x00800106                z
                0x0080010a                inbound_processing
                0x0080010b                servo_turn
                0x0080010d                timer0_top_value
                0x0080010e                LED
                0x00800112                init_variables_state
                0x00800114                PROVIDE (__bss_end, .)
                0x0000052a                __data_load_start = LOADADDR (.data)
                0x0000052a                __data_load_end = (__data_load_start + SIZEOF (.data))

.noinit         0x00800114        0x0
                0x00800114                PROVIDE (__noinit_start, .)
 *(.noinit*)
                0x00800114                PROVIDE (__noinit_end, .)
                0x00800114                _end = .
                0x00800114                PROVIDE (__heap_start, .)

.eeprom         0x00810000        0x0
 *(.eeprom*)
                0x00810000                __eeprom_end = .

.fuse
 *(.fuse)
 *(.lfuse)
 *(.hfuse)
 *(.efuse)

.lock
 *(.lock*)

.signature
 *(.signature*)

.user_signatures
 *(.user_signatures*)

.stab
 *(.stab)

.stabstr
 *(.stabstr)

.stab.excl
 *(.stab.excl)

.stab.exclstr
 *(.stab.exclstr)

.stab.index
 *(.stab.index)

.stab.indexstr
 *(.stab.indexstr)

.comment        0x00000000       0x30
 *(.comment)
 .comment       0x00000000       0x30 Rx.o
                                 0x31 (size before relaxing)
 .comment       0x00000000       0x31 uart_function.o

.note.gnu.build-id
 *(.note.gnu.build-id)

.debug
 *(.debug)

.line
 *(.line)

.debug_srcinfo
 *(.debug_srcinfo)

.debug_sfnames
 *(.debug_sfnames)

.debug_aranges  0x00000000       0xb0
 *(.debug_aranges)
 .debug_aranges
                0x00000000       0x80 Rx.o
 .debug_aranges
                0x00000080       0x30 uart_function.o

.debug_pubnames
 *(.debug_pubnames)

.debug_info     0x00000000      0x7c3
 *(.debug_info .gnu.linkonce.wi.*)
 .debug_info    0x00000000      0x6df Rx.o
 .debug_info    0x000006df       0xe4 uart_function.o

.debug_abbrev   0x00000000      0x320
 *(.debug_abbrev)
 .debug_abbrev  0x00000000      0x27a Rx.o
 .debug_abbrev  0x0000027a       0xa6 uart_function.o

.debug_line     0x00000000      0xa36
 *(.debug_line .debug_line.* .debug_line_end)
 .debug_line    0x00000000      0x6d9 Rx.o
 .debug_line    0x000006d9      0x35d uart_function.o

.debug_frame    0x00000000      0x17c
 *(.debug_frame)
 .debug_frame   0x00000000      0x138 Rx.o
 .debug_frame   0x00000138       0x44 uart_function.o

.debug_str      0x00000000     0x7721
 *(.debug_str)
 .debug_str     0x00000000     0x76e4 Rx.o
                               0x78bc (size before relaxing)
 .debug_str     0x000076e4       0x3d uart_function.o
                               0x7663 (size before relaxing)

.debug_loc      0x00000000      0x2c0
 *(.debug_loc)
 .debug_loc     0x00000000      0x29a Rx.o
 .debug_loc     0x0000029a       0x26 uart_function.o

.debug_macinfo
 *(.debug_macinfo)

.debug_weaknames
 *(.debug_weaknames)

.debug_funcnames
 *(.debug_funcnames)

.debug_typenames
 *(.debug_typenames)

.debug_varnames
 *(.debug_varnames)

.debug_pubtypes
 *(.debug_pubtypes)

.debug_ranges   0x00000000       0x90
 *(.debug_ranges)
 .debug_ranges  0x00000000       0x70 Rx.o
 .debug_ranges  0x00000070       0x20 uart_function.o

.debug_macro    0x00000000      0x3d1
 *(.debug_macro)
 .debug_macro   0x00000000       0xea Rx.o
 .debug_macro   0x000000ea       0x22 Rx.o
 .debug_macro   0x0000010c       0x10 Rx.o
 .debug_macro   0x0000011c      0x16d Rx.o
 .debug_macro   0x00000289       0x5e Rx.o
 .debug_macro   0x000002e7       0xea uart_function.o
OUTPUT(Rx.elf elf32-avr)
LOAD linker stubs
